Using device: cuda
Start training: epochs=10, batch_size=128, lr=0.01

Epoch 1:   0%|          | 0/391 [00:00<?, ?it/s]
Epoch 1:   0%|          | 1/391 [00:00<03:49,  1.70it/s]
Epoch 1:   5%|▍         | 18/391 [00:00<00:11, 33.77it/s]
Epoch 1:   9%|▉         | 35/391 [00:00<00:05, 62.39it/s]
Epoch 1:  14%|█▍        | 54/391 [00:00<00:03, 91.41it/s]
Epoch 1:  19%|█▊        | 73/391 [00:01<00:02, 115.60it/s]
Epoch 1:  24%|██▎       | 92/391 [00:01<00:02, 133.65it/s]
Epoch 1:  29%|██▊       | 112/391 [00:01<00:01, 150.38it/s]
Epoch 1:  34%|███▎      | 131/391 [00:01<00:01, 160.20it/s]
Epoch 1:  38%|███▊      | 150/391 [00:01<00:01, 168.18it/s]
Epoch 1:  43%|████▎     | 169/391 [00:01<00:01, 173.31it/s]
Epoch 1:  48%|████▊     | 188/391 [00:01<00:01, 173.97it/s]
Epoch 1:  53%|█████▎    | 207/391 [00:01<00:01, 176.97it/s]
Epoch 1:  58%|█████▊    | 226/391 [00:01<00:00, 178.53it/s]
Epoch 1:  63%|██████▎   | 246/391 [00:01<00:00, 182.33it/s]
Epoch 1:  68%|██████▊   | 265/391 [00:02<00:00, 182.63it/s]
Epoch 1:  73%|███████▎  | 284/391 [00:02<00:00, 180.45it/s]
Epoch 1:  77%|███████▋  | 303/391 [00:02<00:00, 180.20it/s]
Epoch 1:  82%|████████▏ | 322/391 [00:02<00:00, 180.96it/s]
Epoch 1:  87%|████████▋ | 341/391 [00:02<00:00, 181.06it/s]
Epoch 1:  92%|█████████▏| 360/391 [00:02<00:00, 182.12it/s]
Epoch 1:  97%|█████████▋| 379/391 [00:02<00:00, 181.29it/s]
Epoch 1: 100%|██████████| 391/391 [00:02<00:00, 139.05it/s]
[Epoch 1/10] loss=1.9896 time=2.82s throughput=17761.1 imgs/s

Epoch 2:   0%|          | 0/391 [00:00<?, ?it/s]
Epoch 2:   0%|          | 1/391 [00:00<01:25,  4.56it/s]
Epoch 2:   4%|▎         | 14/391 [00:00<00:07, 53.76it/s]
Epoch 2:   8%|▊         | 33/391 [00:00<00:03, 102.23it/s]
Epoch 2:  13%|█▎        | 52/391 [00:00<00:02, 131.60it/s]
Epoch 2:  18%|█▊        | 71/391 [00:00<00:02, 149.07it/s]
Epoch 2:  23%|██▎       | 91/391 [00:00<00:01, 163.25it/s]
Epoch 2:  28%|██▊       | 110/391 [00:00<00:01, 169.84it/s]
Epoch 2:  33%|███▎      | 129/391 [00:00<00:01, 174.71it/s]
Epoch 2:  38%|███▊      | 148/391 [00:01<00:01, 177.46it/s]
Epoch 2:  43%|████▎     | 167/391 [00:01<00:01, 179.56it/s]
Epoch 2:  48%|████▊     | 187/391 [00:01<00:01, 183.22it/s]
Epoch 2:  53%|█████▎    | 207/391 [00:01<00:00, 184.71it/s]
Epoch 2:  58%|█████▊    | 226/391 [00:01<00:00, 182.25it/s]
Epoch 2:  63%|██████▎   | 245/391 [00:01<00:00, 184.18it/s]
Epoch 2:  68%|██████▊   | 264/391 [00:01<00:00, 181.98it/s]
Epoch 2:  72%|███████▏  | 283/391 [00:01<00:00, 171.02it/s]
Epoch 2:  77%|███████▋  | 301/391 [00:01<00:00, 170.80it/s]
Epoch 2:  82%|████████▏ | 320/391 [00:02<00:00, 174.31it/s]
Epoch 2:  86%|████████▋ | 338/391 [00:02<00:00, 175.73it/s]
Epoch 2:  91%|█████████ | 356/391 [00:02<00:00, 176.85it/s]
Epoch 2:  96%|█████████▌| 375/391 [00:02<00:00, 179.80it/s]
Epoch 2: 100%|██████████| 391/391 [00:02<00:00, 160.47it/s]
[Epoch 2/10] loss=1.5140 time=2.44s throughput=20508.6 imgs/s

Epoch 3:   0%|          | 0/391 [00:00<?, ?it/s]
Epoch 3:   0%|          | 1/391 [00:00<01:18,  4.95it/s]
Epoch 3:   4%|▍         | 17/391 [00:00<00:05, 68.52it/s]
Epoch 3:   9%|▉         | 36/391 [00:00<00:03, 112.33it/s]
Epoch 3:  14%|█▍        | 55/391 [00:00<00:02, 137.94it/s]
Epoch 3:  19%|█▉        | 74/391 [00:00<00:02, 153.21it/s]
Epoch 3:  24%|██▍       | 93/391 [00:00<00:01, 162.91it/s]
Epoch 3:  29%|██▊       | 112/391 [00:00<00:01, 169.59it/s]
Epoch 3:  33%|███▎      | 130/391 [00:00<00:01, 171.01it/s]
Epoch 3:  38%|███▊      | 149/391 [00:01<00:01, 174.36it/s]
Epoch 3:  43%|████▎     | 168/391 [00:01<00:01, 178.89it/s]
Epoch 3:  48%|████▊     | 187/391 [00:01<00:01, 176.35it/s]
Epoch 3:  52%|█████▏    | 205/391 [00:01<00:01, 174.24it/s]
Epoch 3:  57%|█████▋    | 223/391 [00:01<00:00, 170.30it/s]
Epoch 3:  62%|██████▏   | 241/391 [00:01<00:00, 170.40it/s]
Epoch 3:  66%|██████▌   | 259/391 [00:01<00:00, 166.51it/s]
Epoch 3:  71%|███████   | 276/391 [00:01<00:00, 166.71it/s]
Epoch 3:  75%|███████▍  | 293/391 [00:01<00:00, 166.70it/s]
Epoch 3:  79%|███████▉  | 310/391 [00:01<00:00, 166.96it/s]
Epoch 3:  84%|████████▎ | 327/391 [00:02<00:00, 164.38it/s]
Epoch 3:  88%|████████▊ | 344/391 [00:02<00:00, 164.19it/s]
Epoch 3:  93%|█████████▎| 363/391 [00:02<00:00, 170.29it/s]
Epoch 3:  98%|█████████▊| 382/391 [00:02<00:00, 174.53it/s]
Epoch 3: 100%|██████████| 391/391 [00:02<00:00, 156.01it/s]
[Epoch 3/10] loss=1.3468 time=2.51s throughput=19936.6 imgs/s

Epoch 4:   0%|          | 0/391 [00:00<?, ?it/s]
Epoch 4:   0%|          | 1/391 [00:00<01:11,  5.49it/s]
Epoch 4:   4%|▍         | 17/391 [00:00<00:05, 72.60it/s]
Epoch 4:   9%|▉         | 37/391 [00:00<00:02, 119.60it/s]
Epoch 4:  15%|█▍        | 57/391 [00:00<00:02, 145.15it/s]
Epoch 4:  19%|█▉        | 76/391 [00:00<00:01, 158.25it/s]
Epoch 4:  24%|██▍       | 95/391 [00:00<00:01, 166.06it/s]
Epoch 4:  29%|██▉       | 114/391 [00:00<00:01, 173.15it/s]
Epoch 4:  34%|███▍      | 132/391 [00:00<00:01, 174.47it/s]
Epoch 4:  39%|███▊      | 151/391 [00:01<00:01, 178.78it/s]
Epoch 4:  43%|████▎     | 170/391 [00:01<00:01, 178.70it/s]
Epoch 4:  48%|████▊     | 189/391 [00:01<00:01, 178.05it/s]
Epoch 4:  53%|█████▎    | 208/391 [00:01<00:01, 178.94it/s]
Epoch 4:  58%|█████▊    | 227/391 [00:01<00:00, 179.84it/s]
Epoch 4:  63%|██████▎   | 246/391 [00:01<00:00, 179.93it/s]
Epoch 4:  68%|██████▊   | 265/391 [00:01<00:00, 180.24it/s]
Epoch 4:  73%|███████▎  | 284/391 [00:01<00:00, 179.48it/s]
Epoch 4:  77%|███████▋  | 302/391 [00:01<00:00, 177.82it/s]
Epoch 4:  82%|████████▏ | 321/391 [00:01<00:00, 178.83it/s]
Epoch 4:  87%|████████▋ | 339/391 [00:02<00:00, 177.12it/s]
Epoch 4:  92%|█████████▏| 358/391 [00:02<00:00, 178.84it/s]
Epoch 4:  96%|█████████▋| 377/391 [00:02<00:00, 180.56it/s]
Epoch 4: 100%|██████████| 391/391 [00:02<00:00, 163.84it/s]
[Epoch 4/10] loss=1.2343 time=2.39s throughput=20940.1 imgs/s

Epoch 5:   0%|          | 0/391 [00:00<?, ?it/s]
Epoch 5:   0%|          | 1/391 [00:00<01:07,  5.81it/s]
Epoch 5:   4%|▍         | 17/391 [00:00<00:04, 75.14it/s]
Epoch 5:   9%|▉         | 37/391 [00:00<00:02, 122.50it/s]
Epoch 5:  14%|█▍        | 56/391 [00:00<00:02, 146.51it/s]
Epoch 5:  19%|█▉        | 75/391 [00:00<00:01, 159.90it/s]
Epoch 5:  24%|██▍       | 95/391 [00:00<00:01, 169.46it/s]
Epoch 5:  29%|██▉       | 113/391 [00:00<00:01, 167.66it/s]
Epoch 5:  34%|███▎      | 131/391 [00:00<00:01, 150.92it/s]
Epoch 5:  38%|███▊      | 149/391 [00:01<00:01, 157.92it/s]
Epoch 5:  43%|████▎     | 167/391 [00:01<00:01, 163.38it/s]
Epoch 5:  47%|████▋     | 184/391 [00:01<00:01, 151.89it/s]
Epoch 5:  52%|█████▏    | 202/391 [00:01<00:01, 159.11it/s]
Epoch 5:  57%|█████▋    | 221/391 [00:01<00:01, 166.10it/s]
Epoch 5:  61%|██████    | 239/391 [00:01<00:00, 167.50it/s]
Epoch 5:  66%|██████▌   | 257/391 [00:01<00:00, 170.54it/s]
Epoch 5:  70%|███████   | 275/391 [00:01<00:00, 172.85it/s]
Epoch 5:  75%|███████▍  | 293/391 [00:01<00:00, 173.98it/s]
Epoch 5:  80%|███████▉  | 312/391 [00:01<00:00, 177.61it/s]
Epoch 5:  84%|████████▍ | 330/391 [00:02<00:00, 172.63it/s]
Epoch 5:  89%|████████▉ | 349/391 [00:02<00:00, 177.45it/s]
Epoch 5:  94%|█████████▍| 368/391 [00:02<00:00, 180.61it/s]
Epoch 5:  99%|█████████▉| 387/391 [00:02<00:00, 173.95it/s]
Epoch 5: 100%|██████████| 391/391 [00:02<00:00, 156.75it/s]
[Epoch 5/10] loss=1.1455 time=2.50s throughput=20033.5 imgs/s

Epoch 6:   0%|          | 0/391 [00:00<?, ?it/s]
Epoch 6:   0%|          | 1/391 [00:00<01:26,  4.53it/s]
Epoch 6:   5%|▍         | 19/391 [00:00<00:05, 72.33it/s]
Epoch 6:  10%|▉         | 38/391 [00:00<00:03, 113.39it/s]
Epoch 6:  15%|█▍        | 57/391 [00:00<00:02, 138.99it/s]
Epoch 6:  20%|█▉        | 77/391 [00:00<00:01, 157.31it/s]
Epoch 6:  25%|██▍       | 97/391 [00:00<00:01, 169.26it/s]
Epoch 6:  30%|██▉       | 117/391 [00:00<00:01, 176.09it/s]
Epoch 6:  35%|███▍      | 136/391 [00:00<00:01, 176.65it/s]
Epoch 6:  40%|███▉      | 156/391 [00:01<00:01, 182.72it/s]
Epoch 6:  45%|████▍     | 175/391 [00:01<00:01, 184.50it/s]
Epoch 6:  50%|████▉     | 194/391 [00:01<00:01, 181.18it/s]
Epoch 6:  54%|█████▍    | 213/391 [00:01<00:00, 180.45it/s]
Epoch 6:  60%|█████▉    | 234/391 [00:01<00:00, 185.36it/s]
Epoch 6:  65%|██████▍   | 253/391 [00:01<00:00, 181.78it/s]
Epoch 6:  70%|██████▉   | 272/391 [00:01<00:00, 175.14it/s]
Epoch 6:  74%|███████▍  | 290/391 [00:01<00:00, 167.43it/s]
Epoch 6:  79%|███████▊  | 307/391 [00:01<00:00, 164.53it/s]
Epoch 6:  83%|████████▎ | 325/391 [00:02<00:00, 168.48it/s]
Epoch 6:  88%|████████▊ | 343/391 [00:02<00:00, 170.27it/s]
Epoch 6:  93%|█████████▎| 362/391 [00:02<00:00, 175.80it/s]
Epoch 6:  97%|█████████▋| 381/391 [00:02<00:00, 177.43it/s]
Epoch 6: 100%|██████████| 391/391 [00:02<00:00, 158.97it/s]
[Epoch 6/10] loss=1.0767 time=2.46s throughput=20317.0 imgs/s

Epoch 7:   0%|          | 0/391 [00:00<?, ?it/s]
Epoch 7:   0%|          | 1/391 [00:00<01:31,  4.26it/s]
Epoch 7:   4%|▍         | 16/391 [00:00<00:06, 58.82it/s]
Epoch 7:   9%|▊         | 34/391 [00:00<00:03, 100.75it/s]
Epoch 7:  14%|█▎        | 53/391 [00:00<00:02, 128.54it/s]
Epoch 7:  18%|█▊        | 72/391 [00:00<00:02, 145.86it/s]
Epoch 7:  23%|██▎       | 91/391 [00:00<00:01, 159.35it/s]
Epoch 7:  28%|██▊       | 111/391 [00:00<00:01, 169.18it/s]
Epoch 7:  34%|███▎      | 131/391 [00:00<00:01, 176.78it/s]
Epoch 7:  38%|███▊      | 150/391 [00:01<00:01, 176.07it/s]
Epoch 7:  43%|████▎     | 169/391 [00:01<00:01, 178.95it/s]
Epoch 7:  48%|████▊     | 188/391 [00:01<00:01, 179.68it/s]
Epoch 7:  53%|█████▎    | 207/391 [00:01<00:01, 182.36it/s]
Epoch 7:  58%|█████▊    | 226/391 [00:01<00:00, 180.99it/s]
Epoch 7:  63%|██████▎   | 246/391 [00:01<00:00, 184.17it/s]
Epoch 7:  68%|██████▊   | 265/391 [00:01<00:00, 179.71it/s]
Epoch 7:  73%|███████▎  | 284/391 [00:01<00:00, 178.05it/s]
Epoch 7:  77%|███████▋  | 302/391 [00:01<00:00, 175.51it/s]
Epoch 7:  82%|████████▏ | 320/391 [00:02<00:00, 175.36it/s]
Epoch 7:  86%|████████▋ | 338/391 [00:02<00:00, 175.55it/s]
Epoch 7:  91%|█████████ | 356/391 [00:02<00:00, 173.86it/s]
Epoch 7:  96%|█████████▌| 374/391 [00:02<00:00, 172.04it/s]
Epoch 7: 100%|██████████| 391/391 [00:02<00:00, 156.44it/s]
[Epoch 7/10] loss=1.0191 time=2.50s throughput=19992.9 imgs/s

Epoch 8:   0%|          | 0/391 [00:00<?, ?it/s]
Epoch 8:   0%|          | 1/391 [00:00<01:05,  5.95it/s]
Epoch 8:   3%|▎         | 11/391 [00:00<00:07, 48.75it/s]
Epoch 8:   7%|▋         | 28/391 [00:00<00:03, 96.47it/s]
Epoch 8:  12%|█▏        | 47/391 [00:00<00:02, 127.53it/s]
Epoch 8:  17%|█▋        | 65/391 [00:00<00:02, 144.47it/s]
Epoch 8:  21%|██        | 83/391 [00:00<00:01, 155.62it/s]
Epoch 8:  26%|██▌       | 101/391 [00:00<00:01, 162.21it/s]
Epoch 8:  30%|███       | 119/391 [00:00<00:01, 166.11it/s]
Epoch 8:  35%|███▍      | 136/391 [00:00<00:01, 165.87it/s]
Epoch 8:  39%|███▉      | 154/391 [00:01<00:01, 168.41it/s]
Epoch 8:  44%|████▍     | 172/391 [00:01<00:01, 170.22it/s]
Epoch 8:  49%|████▊     | 190/391 [00:01<00:01, 170.27it/s]
Epoch 8:  53%|█████▎    | 208/391 [00:01<00:01, 171.55it/s]
Epoch 8:  58%|█████▊    | 226/391 [00:01<00:00, 173.13it/s]
Epoch 8:  62%|██████▏   | 244/391 [00:01<00:00, 173.16it/s]
Epoch 8:  67%|██████▋   | 262/391 [00:01<00:00, 174.47it/s]
Epoch 8:  72%|███████▏  | 280/391 [00:01<00:00, 174.24it/s]
Epoch 8:  76%|███████▌  | 298/391 [00:01<00:00, 174.22it/s]
Epoch 8:  81%|████████  | 316/391 [00:02<00:00, 172.55it/s]
Epoch 8:  85%|████████▌ | 334/391 [00:02<00:00, 170.87it/s]
Epoch 8:  90%|█████████ | 352/391 [00:02<00:00, 172.14it/s]
Epoch 8:  95%|█████████▍| 370/391 [00:02<00:00, 170.52it/s]
Epoch 8:  99%|█████████▉| 388/391 [00:02<00:00, 168.84it/s]
Epoch 8: 100%|██████████| 391/391 [00:02<00:00, 154.61it/s]
[Epoch 8/10] loss=0.9667 time=2.53s throughput=19760.4 imgs/s

Epoch 9:   0%|          | 0/391 [00:00<?, ?it/s]
Epoch 9:   0%|          | 1/391 [00:00<01:32,  4.21it/s]
Epoch 9:   3%|▎         | 10/391 [00:00<00:10, 36.03it/s]
Epoch 9:   7%|▋         | 26/391 [00:00<00:04, 78.38it/s]
Epoch 9:  11%|█▏        | 44/391 [00:00<00:03, 111.69it/s]
Epoch 9:  16%|█▌        | 61/391 [00:00<00:02, 130.22it/s]
Epoch 9:  20%|█▉        | 78/391 [00:00<00:02, 141.10it/s]
Epoch 9:  24%|██▍       | 94/391 [00:00<00:02, 145.93it/s]
Epoch 9:  29%|██▊       | 112/391 [00:00<00:01, 154.39it/s]
Epoch 9:  33%|███▎      | 130/391 [00:01<00:01, 160.46it/s]
Epoch 9:  39%|███▊      | 151/391 [00:01<00:01, 172.37it/s]
Epoch 9:  43%|████▎     | 169/391 [00:01<00:01, 173.02it/s]
Epoch 9:  48%|████▊     | 187/391 [00:01<00:01, 174.30it/s]
Epoch 9:  52%|█████▏    | 205/391 [00:01<00:01, 174.51it/s]
Epoch 9:  57%|█████▋    | 223/391 [00:01<00:00, 175.60it/s]
Epoch 9:  62%|██████▏   | 241/391 [00:01<00:00, 176.13it/s]
Epoch 9:  66%|██████▌   | 259/391 [00:01<00:00, 177.06it/s]
Epoch 9:  71%|███████   | 277/391 [00:01<00:00, 173.83it/s]
Epoch 9:  76%|███████▌  | 296/391 [00:01<00:00, 177.42it/s]
Epoch 9:  81%|████████  | 315/391 [00:02<00:00, 178.54it/s]
Epoch 9:  85%|████████▌ | 334/391 [00:02<00:00, 179.24it/s]
Epoch 9:  90%|█████████ | 352/391 [00:02<00:00, 177.40it/s]
Epoch 9:  95%|█████████▍| 370/391 [00:02<00:00, 175.07it/s]
Epoch 9:  99%|█████████▉| 388/391 [00:02<00:00, 171.21it/s]
Epoch 9: 100%|██████████| 391/391 [00:02<00:00, 151.43it/s]
[Epoch 9/10] loss=0.9196 time=2.58s throughput=19353.6 imgs/s

Epoch 10:   0%|          | 0/391 [00:00<?, ?it/s]
Epoch 10:   0%|          | 1/391 [00:00<00:57,  6.83it/s]
Epoch 10:   3%|▎         | 10/391 [00:00<00:07, 47.78it/s]
Epoch 10:   7%|▋         | 27/391 [00:00<00:03, 97.72it/s]
Epoch 10:  12%|█▏        | 46/391 [00:00<00:02, 129.71it/s]
Epoch 10:  16%|█▋        | 64/391 [00:00<00:02, 146.38it/s]
Epoch 10:  21%|██        | 81/391 [00:00<00:02, 154.01it/s]
Epoch 10:  26%|██▌       | 100/391 [00:00<00:01, 162.70it/s]
Epoch 10:  30%|███       | 118/391 [00:00<00:01, 166.91it/s]
Epoch 10:  35%|███▍      | 136/391 [00:00<00:01, 169.65it/s]
Epoch 10:  39%|███▉      | 154/391 [00:01<00:01, 170.92it/s]
Epoch 10:  44%|████▍     | 172/391 [00:01<00:01, 171.74it/s]
Epoch 10:  49%|████▊     | 190/391 [00:01<00:01, 170.44it/s]
Epoch 10:  53%|█████▎    | 208/391 [00:01<00:01, 169.13it/s]
Epoch 10:  58%|█████▊    | 226/391 [00:01<00:00, 171.32it/s]
Epoch 10:  63%|██████▎   | 245/391 [00:01<00:00, 174.28it/s]
Epoch 10:  68%|██████▊   | 264/391 [00:01<00:00, 176.63it/s]
Epoch 10:  72%|███████▏  | 282/391 [00:01<00:00, 175.59it/s]
Epoch 10:  77%|███████▋  | 301/391 [00:01<00:00, 176.96it/s]
Epoch 10:  82%|████████▏ | 319/391 [00:02<00:00, 175.63it/s]
Epoch 10:  86%|████████▌ | 337/391 [00:02<00:00, 176.34it/s]
Epoch 10:  91%|█████████ | 356/391 [00:02<00:00, 177.50it/s]
Epoch 10:  96%|█████████▌| 374/391 [00:02<00:00, 175.03it/s]
Epoch 10: 100%|██████████| 391/391 [00:02<00:00, 156.42it/s]
[Epoch 10/10] loss=0.8712 time=2.50s throughput=19994.6 imgs/s

Testing:   0%|          | 0/79 [00:00<?, ?it/s]
Testing:   1%|▏         | 1/79 [00:00<00:19,  3.98it/s]
Testing:  20%|██        | 16/79 [00:00<00:01, 55.64it/s]
Testing:  41%|████      | 32/79 [00:00<00:00, 90.22it/s]
Testing:  63%|██████▎   | 50/79 [00:00<00:00, 118.36it/s]
Testing:  87%|████████▋ | 69/79 [00:00<00:00, 139.73it/s]
Testing: 100%|██████████| 79/79 [00:00<00:00, 105.10it/s]
Test accuracy: 63.16%
Class 0: 59.10%
Class 1: 76.90%
Class 2: 49.10%
Class 3: 39.40%
Class 4: 64.60%
Class 5: 51.80%
Class 6: 63.80%
Class 7: 73.10%
Class 8: 72.80%
Class 9: 81.00%
Saved weights to ./pytorch/cifar_net.pth
